Microchip MPLAB XC8 Compiler V2.20

Linker command line:

-W-3 --edf=C:\Program Files\Microchip\xc8\v2.20\pic\dat\en_msgs.txt -cn \
  -h+dist/default/production\Projeto_Final_2019011620.X.production.sym \
  --cmf=dist/default/production\Projeto_Final_2019011620.X.production.cmf \
  -z -Q18F4520 -oC:\Users\Mariana\AppData\Local\Temp\s3ob0.2 \
  --defsym=__MPLAB_BUILD=1 \
  -Mdist/default/production/Projeto_Final_2019011620.X.production.map -E1 \
  -ver=XC8 Compiler --acfsm=1493 -ASTACK=0FEh-05FFh -pstack=STACK \
  -ACODE=00h-07FFFh -ACONST=00h-07FFFh -ASMALLCONST=0600h-06FFhx122 \
  -AMEDIUMCONST=0600h-07FFFh -ACOMRAM=01h-07Fh -AABS1=00h-05FFh \
  -ABIGRAM=01h-05FFh -ARAM=080h-0FFh,0100h-01FFhx5 -ABANK0=080h-0FFh \
  -ABANK1=0100h-01FFh -ABANK2=0200h-02FFh -ABANK3=0300h-03FFh \
  -ABANK4=0400h-04FFh -ABANK5=0500h-05FFh -ASFR=0F80h-0FFFh \
  -ACONFIG=0300000h-030000Dh -AIDLOC=0200000h-0200007h \
  -preset_vec=00h,intcode,intcodelo,powerup,init -pramtop=0600h \
  -psmallconst=SMALLCONST -pmediumconst=MEDIUMCONST -pconst=CONST \
  -AFARRAM=00h-00h -AEEDATA=0F00000h-0F000FFh -peeprom_data=EEDATA \
  -prdata=COMRAM,nvrram=COMRAM,nvbit=COMRAM,rbss=COMRAM,rbit=COMRAM \
  -pfarbss=FARRAM,fardata=FARRAM,nvFARRAM=FARRAM \
  -pintsave_regs=BIGRAM,bigbss=BIGRAM,bigdata=BIGRAM -pbss=RAM \
  -pidata=CODE,irdata=CODE,ibigdata=CODE,ifardata=CODE -prparam=COMRAM \
  C:\Users\Mariana\AppData\Local\Temp\s3ob0.o \
  dist/default/production\Projeto_Final_2019011620.X.production.o 

Object code version is 3.11

Machine type is 18F4520



                Name                               Link     Load   Length Selector   Space Scale
C:\Users\Mariana\AppData\Local\Temp\s3ob0.o
                idloc                            200000   200000        8        0       5
                config                           300000   300000        E        0       4
                init                                  0        0        4        0       0
dist/default/production\Projeto_Final_2019011620.X.production.o
                idloc                            200000   200000        8        0       5
                config                           300000   300000        E        0       4
                mediumconst                        795C     795C      6A4     3CAE       0
                text26                             6672     6672       C4     3339       0
                text25                             65C2     65C2       B0     32E1       0
                text24                             6736     6736       D0     339B       0
                text23                             6522     6522       A0     3291       0
                text22                             6034     6034       26     301A       0
                text21                             6280     6280       64     3140       0
                text20                             6018     6018        8     300C       0
                text19                             605A     605A       2A     302D       0
                text18                             642E     642E       78     3217       0
                text17                             6084     6084       2A     3042       0
                text16                             60AE     60AE       32     3057       0
                text15                             60E0     60E0       3A     3070       0
                text14                             7304     7304      258     3982       0
                text13                             755C     755C      400     3AAE       0
                text12                             62E4     62E4       6A     3172       0
                text11                             61C8     61C8       5C     30E4       0
                text10                             6020     6020       14     3010       0
                text9                              63BA     63BA       74     31DD       0
                text8                              634E     634E       6C     31A7       0
                text7                              6170     6170       58     30B8       0
                text6                              6E68     6E68      24E     3734       0
                text5                              611A     611A       56     308D       0
                text4                              70B6     70B6      24E     385B       0
                text3                              690E     690E      150     3487       0
                text2                              6A5E     6A5E      1CA     352F       0
                text1                              6806     6806      108     3403       0
                text0                              6C28     6C28      240     3614       0
                cstackCOMRAM                          1        1       6E        1       1
                dataBANK0                            80       80       7C       80       1
                bssBANK0                             FC       FC        2       80       1
                dataCOMRAM                           79       79        6        1       1
                bssCOMRAM                            6F       6F        A        1       1
                cinit                              6224     6224       5C     3112       0
                idataBANK0                         64A6     64A6       7C     64A6       0
                idataCOMRAM                        6012     6012        6     6012       0

TOTAL           Name                               Link     Load   Length     Space
        CLASS   STACK          

        CLASS   CODE           
                init                                  0        0        4         0
                text26                             6672     6672       C4         0
                text25                             65C2     65C2       B0         0
                text24                             6736     6736       D0         0
                text23                             6522     6522       A0         0
                text22                             6034     6034       26         0
                text21                             6280     6280       64         0
                text20                             6018     6018        8         0
                text19                             605A     605A       2A         0
                text18                             642E     642E       78         0
                text17                             6084     6084       2A         0
                text16                             60AE     60AE       32         0
                text15                             60E0     60E0       3A         0
                text14                             7304     7304      258         0
                text13                             755C     755C      400         0
                text12                             62E4     62E4       6A         0
                text11                             61C8     61C8       5C         0
                text10                             6020     6020       14         0
                text9                              63BA     63BA       74         0
                text8                              634E     634E       6C         0
                text7                              6170     6170       58         0
                text6                              6E68     6E68      24E         0
                text5                              611A     611A       56         0
                text4                              70B6     70B6      24E         0
                text3                              690E     690E      150         0
                text2                              6A5E     6A5E      1CA         0
                text1                              6806     6806      108         0
                text0                              6C28     6C28      240         0
                cinit                              6224     6224       5C         0
                idataBANK0                         64A6     64A6       7C         0
                idataCOMRAM                        6012     6012        6         0

        CLASS   CONST          

        CLASS   SMALLCONST     

        CLASS   MEDIUMCONST    
                mediumconst                        795C     795C      6A4         0

        CLASS   COMRAM         
                cstackCOMRAM                          1        1       6E         1
                dataCOMRAM                           79       79        6         1
                bssCOMRAM                            6F       6F        A         1

        CLASS   ABS1           

        CLASS   BIGRAM         

        CLASS   RAM            

        CLASS   BANK0          
                dataBANK0                            80       80       7C         1
                bssBANK0                             FC       FC        2         1

        CLASS   BANK1          

        CLASS   BANK2          

        CLASS   BANK3          

        CLASS   BANK4          

        CLASS   BANK5          

        CLASS   SFR            

        CLASS   CONFIG         
                config                           300000   300000        E         4

        CLASS   IDLOC          
                idloc                            200000   200000        8         5

        CLASS   FARRAM         

        CLASS   EEDATA         



SEGMENTS        Name                           Load    Length   Top    Selector   Space  Class

                reset_vec                      000000  000004  000004         0       0  CODE    
                cstackCOMRAM                   000001  00007E  00007F         1       1  COMRAM  
                dataBANK0                      000080  00007E  0000FE        80       1  BANK0   
                idataCOMRAM                    006012  000006  006018      6012       0  CODE    
                text20                         006018  000008  006020      300C       0  CODE    
                text10                         006020  000014  006034      3010       0  CODE    
                text22                         006034  000026  00605A      301A       0  CODE    
                text19                         00605A  00002A  006084      302D       0  CODE    
                text17                         006084  00002A  0060AE      3042       0  CODE    
                text16                         0060AE  000032  0060E0      3057       0  CODE    
                text15                         0060E0  00003A  00611A      3070       0  CODE    
                text5                          00611A  000056  006170      308D       0  CODE    
                text7                          006170  000058  0061C8      30B8       0  CODE    
                text11                         0061C8  00005C  006224      30E4       0  CODE    
                cinit                          006224  00005C  006280      3112       0  CODE    
                text21                         006280  000064  0062E4      3140       0  CODE    
                text12                         0062E4  00006A  00634E      3172       0  CODE    
                text8                          00634E  00006C  0063BA      31A7       0  CODE    
                text9                          0063BA  000074  00642E      31DD       0  CODE    
                text18                         00642E  000078  0064A6      3217       0  CODE    
                idataBANK0                     0064A6  00007C  006522      64A6       0  CODE    
                text23                         006522  0000A0  0065C2      3291       0  CODE    
                text25                         0065C2  0000B0  006672      32E1       0  CODE    
                text26                         006672  0000C4  006736      3339       0  CODE    
                text24                         006736  0000D0  006806      339B       0  CODE    
                text1                          006806  000108  00690E      3403       0  CODE    
                text3                          00690E  000150  006A5E      3487       0  CODE    
                text2                          006A5E  0001CA  006C28      352F       0  CODE    
                text0                          006C28  000240  006E68      3614       0  CODE    
                text6                          006E68  00024E  0070B6      3734       0  CODE    
                text4                          0070B6  00024E  007304      385B       0  CODE    
                text14                         007304  000258  00755C      3982       0  CODE    
                text13                         00755C  000400  00795C      3AAE       0  CODE    
                mediumconst                    00795C  0006A4  008000      3CAE       0  MEDIUMCO


UNUSED ADDRESS RANGES

        Name                Unused          Largest block    Delta
        BANK0            0000FE-0000FF                2
        BANK1            000100-0001FF              100
        BANK2            000200-0002FF              100
        BANK3            000300-0003FF              100
        BANK4            000400-0004FF              100
        BANK5            000500-0005FF              100
        BIGRAM           00007F-00007F                1
                         0000FE-0005FF              502
        CODE             000004-006011             600E
        COMRAM           00007F-00007F                1
        CONST            000004-006011             600E
        EEDATA           F00000-F000FF              100
        MEDIUMCONST      000600-006011             5A12
        RAM              0000FE-0005FF              100
        SFR              000F80-000FFF               80
        SMALLCONST       000600-006011              100
        STACK            0000FE-0005FF              502

                                  Symbol Table

?___awdiv                cstackCOMRAM 000001
?___awmod                cstackCOMRAM 000009
?___lwdiv                cstackCOMRAM 000001
?___wmul                 cstackCOMRAM 000001
?_strlen                 cstackCOMRAM 000001
?_teclado                cstackCOMRAM 000014
?_verificaAno            cstackCOMRAM 000001
_PORTA                   (abs)        000F80
_PORTB                   (abs)        000F81
_PORTC                   (abs)        000F82
_PORTD                   (abs)        000F83
_PORTE                   (abs)        000F84
_TRISA                   (abs)        000F92
_TRISB                   (abs)        000F93
_TRISC                   (abs)        000F94
_TRISD                   (abs)        000F95
_TRISE                   (abs)        000F96
__HRAM                   (abs)        000000
__Habs1                  abs1         000000
__Hbank0                 bank0        000000
__Hbank1                 bank1        000000
__Hbank2                 bank2        000000
__Hbank3                 bank3        000000
__Hbank4                 bank4        000000
__Hbank5                 bank5        000000
__Hbigbss                bigbss       000000
__Hbigdata               bigdata      000000
__Hbigram                bigram       000000
__Hbss                   bss          000000
__HbssBANK0              bssBANK0     000000
__HbssCOMRAM             bssCOMRAM    000000
__Hcinit                 cinit        000000
__Hclrtext               clrtext      000000
__Hcomram                comram       000000
__Hconfig                config       30000E
__Hconst                 const        000000
__HcstackCOMRAM          cstackCOMRAM 000000
__Hdata                  data         000000
__HdataBANK0             dataBANK0    000000
__HdataCOMRAM            dataCOMRAM   000000
__Heeprom_data           eeprom_data  000000
__Hfarbss                farbss       000000
__Hfardata               fardata      000000
__Hibigdata              ibigdata     000000
__Hidata                 idata        000000
__HidataBANK0            idataBANK0   000000
__HidataCOMRAM           idataCOMRAM  000000
__Hidloc                 idloc        200008
__Hifardata              ifardata     000000
__Hinit                  init         000004
__Hintcode               intcode      000000
__Hintcode_body          intcode_body 000000
__Hintcodelo             intcodelo    000000
__Hintentry              intentry     000000
__Hintret                intret       000000
__Hintsave_regs          intsave_regs 000000
__Hirdata                irdata       000000
__Hmediumconst           mediumconst  008000
__HnvFARRAM              nvFARRAM     000000
__Hnvbit                 nvbit        000000
__Hnvrram                nvrram       000000
__Hparam                 rparam       000000
__Hpowerup               powerup      000000
__Hram                   ram          000000
__Hramtop                ramtop       000600
__Hrbit                  rbit         000000
__Hrbss                  rbss         000000
__Hrdata                 rdata        000000
__Hreset_vec             reset_vec    000000
__Hrparam                rparam       000000
__Hsfr                   sfr          000000
__Hsmallconst            smallconst   000000
__Hspace_0               (abs)        008000
__Hspace_1               (abs)        0000FE
__Hspace_2               (abs)        000000
__Hspace_4               (abs)        60000E
__Hstack                 stack        000000
__Hstruct                struct       000000
__Htemp                  temp         000000
__Htext                  text         000000
__Htext0                 text0        000000
__Htext1                 text1        000000
__Htext10                text10       000000
__Htext11                text11       000000
__Htext12                text12       000000
__Htext13                text13       000000
__Htext14                text14       000000
__Htext15                text15       000000
__Htext16                text16       000000
__Htext17                text17       000000
__Htext18                text18       000000
__Htext19                text19       000000
__Htext2                 text2        000000
__Htext20                text20       000000
__Htext21                text21       000000
__Htext22                text22       000000
__Htext23                text23       000000
__Htext24                text24       000000
__Htext25                text25       000000
__Htext26                text26       000000
__Htext3                 text3        000000
__Htext4                 text4        000000
__Htext5                 text5        000000
__Htext6                 text6        000000
__Htext7                 text7        000000
__Htext8                 text8        000000
__Htext9                 text9        000000
__LRAM                   (abs)        000001
__Labs1                  abs1         000000
__Lbank0                 bank0        000000
__Lbank1                 bank1        000000
__Lbank2                 bank2        000000
__Lbank3                 bank3        000000
__Lbank4                 bank4        000000
__Lbank5                 bank5        000000
__Lbigbss                bigbss       000000
__Lbigdata               bigdata      000000
__Lbigram                bigram       000000
__Lbss                   bss          000000
__LbssBANK0              bssBANK0     000000
__LbssCOMRAM             bssCOMRAM    000000
__Lcinit                 cinit        000000
__Lclrtext               clrtext      000000
__Lcomram                comram       000000
__Lconfig                config       000000
__Lconst                 const        000000
__LcstackCOMRAM          cstackCOMRAM 000000
__Ldata                  data         000000
__LdataBANK0             dataBANK0    000000
__LdataCOMRAM            dataCOMRAM   000000
__Leeprom_data           eeprom_data  000000
__Lfarbss                farbss       000000
__Lfardata               fardata      000000
__Libigdata              ibigdata     000000
__Lidata                 idata        000000
__LidataBANK0            idataBANK0   000000
__LidataCOMRAM           idataCOMRAM  000000
__Lidloc                 idloc        000000
__Lifardata              ifardata     000000
__Linit                  init         000000
__Lintcode               intcode      000000
__Lintcode_body          intcode_body 000000
__Lintcodelo             intcodelo    000000
__Lintentry              intentry     000000
__Lintret                intret       000000
__Lintsave_regs          intsave_regs 000000
__Lirdata                irdata       000000
__Lmediumconst           mediumconst  00795C
__LnvFARRAM              nvFARRAM     000000
__Lnvbit                 nvbit        000000
__Lnvrram                nvrram       000000
__Lparam                 rparam       000000
__Lpowerup               powerup      000000
__Lram                   ram          000000
__Lramtop                ramtop       000600
__Lrbit                  rbit         000000
__Lrbss                  rbss         000000
__Lrdata                 rdata        000000
__Lreset_vec             reset_vec    000000
__Lrparam                rparam       000000
__Lsfr                   sfr          000000
__Lsmallconst            smallconst   000000
__Lspace_0               (abs)        000000
__Lspace_1               (abs)        000000
__Lspace_2               (abs)        000000
__Lspace_4               (abs)        000000
__Lstack                 stack        000000
__Lstruct                struct       000000
__Ltemp                  temp         000000
__Ltext                  text         000000
__Ltext0                 text0        000000
__Ltext1                 text1        000000
__Ltext10                text10       000000
__Ltext11                text11       000000
__Ltext12                text12       000000
__Ltext13                text13       000000
__Ltext14                text14       000000
__Ltext15                text15       000000
__Ltext16                text16       000000
__Ltext17                text17       000000
__Ltext18                text18       000000
__Ltext19                text19       000000
__Ltext2                 text2        000000
__Ltext20                text20       000000
__Ltext21                text21       000000
__Ltext22                text22       000000
__Ltext23                text23       000000
__Ltext24                text24       000000
__Ltext25                text25       000000
__Ltext26                text26       000000
__Ltext3                 text3        000000
__Ltext4                 text4        000000
__Ltext5                 text5        000000
__Ltext6                 text6        000000
__Ltext7                 text7        000000
__Ltext8                 text8        000000
__Ltext9                 text9        000000
__S0                     (abs)        008000
__S1                     (abs)        0000FE
__S2                     (abs)        000000
__S4                     (abs)        000000
__S5                     (abs)        000000
___awdiv                 text26       006672
___awdiv@counter         cstackCOMRAM 000005
___awdiv@dividend        cstackCOMRAM 000001
___awdiv@divisor         cstackCOMRAM 000003
___awdiv@quotient        cstackCOMRAM 000007
___awdiv@sign            cstackCOMRAM 000006
___awmod                 text25       0065C2
___awmod@counter         cstackCOMRAM 00000D
___awmod@dividend        cstackCOMRAM 000009
___awmod@divisor         cstackCOMRAM 00000B
___awmod@sign            cstackCOMRAM 00000E
___inthi_sp              stack        000000
___intlo_sp              stack        000000
___lwdiv                 text9        0063BA
___lwdiv@counter         cstackCOMRAM 000007
___lwdiv@dividend        cstackCOMRAM 000001
___lwdiv@divisor         cstackCOMRAM 000003
___lwdiv@quotient        cstackCOMRAM 000005
___param_bank            (abs)        000000
___rparam_used           (abs)        000001
___sp                    stack        000000
___wmul                  text22       006034
___wmul@multiplicand     cstackCOMRAM 000003
___wmul@multiplier       cstackCOMRAM 000001
___wmul@product          cstackCOMRAM 000005
__accesstop              (abs)        000080
__activetblptr           (abs)        000002
__end_of___awdiv         text26       006736
__end_of___awmod         text25       006672
__end_of___lwdiv         text9        00642E
__end_of___wmul          text22       00605A
__end_of__initialization cinit        006276
__end_of_acendeLed       text23       0065C2
__end_of_atraso_ms       text21       0062E4
__end_of_bancoDados      text13       00795C
__end_of_digitalWrite    text4        007304
__end_of_fatos           text14       00755C
__end_of_init            text12       00634E
__end_of_lcd_cmd         text17       0060AE
__end_of_lcd_dat         text19       006084
__end_of_lcd_init        text11       006224
__end_of_lcd_str         text18       0064A6
__end_of_lcd_wr          text20       006020
__end_of_limpaTela       text16       0060E0
__end_of_linha           mediumconst  007971
__end_of_main            text0        006E68
__end_of_pinMode         text6        0070B6
__end_of_pwmInit         text10       006034
__end_of_pwmSet1         text8        0063BA
__end_of_ssdDigit        text7        0061C8
__end_of_ssdInit         text5        006170
__end_of_ssdUpdate       text3        006A5E
__end_of_strlen          text15       00611A
__end_of_tc_tecla        text2        006C28
__end_of_teclado         text1        00690E
__end_of_valor@ssd$F300  mediumconst  00796D
__end_of_verificaAno     text24       006806
__initialization         cinit        006224
__mediumconst            mediumconst  00795C
__pbssBANK0              bssBANK0     0000FC
__pbssCOMRAM             bssCOMRAM    00006F
__pcinit                 cinit        006224
__pcstackCOMRAM          cstackCOMRAM 000001
__pdataBANK0             dataBANK0    000080
__pdataCOMRAM            dataCOMRAM   000079
__pidataBANK0            idataBANK0   0064A6
__pidataCOMRAM           idataCOMRAM  006012
__pmediumconst           mediumconst  00795C
__ptext0                 text0        006C28
__ptext1                 text1        006806
__ptext10                text10       006020
__ptext11                text11       0061C8
__ptext12                text12       0062E4
__ptext13                text13       00755C
__ptext14                text14       007304
__ptext15                text15       0060E0
__ptext16                text16       0060AE
__ptext17                text17       006084
__ptext18                text18       00642E
__ptext19                text19       00605A
__ptext2                 text2        006A5E
__ptext20                text20       006018
__ptext21                text21       006280
__ptext22                text22       006034
__ptext23                text23       006522
__ptext24                text24       006736
__ptext25                text25       0065C2
__ptext26                text26       006672
__ptext3                 text3        00690E
__ptext4                 text4        0070B6
__ptext5                 text5        00611A
__ptext6                 text6        006E68
__ptext7                 text7        006170
__ptext8                 text8        00634E
__ptext9                 text9        0063BA
__ramtop                 ramtop       000600
__size_of___awdiv        (abs)        000000
__size_of___awmod        (abs)        000000
__size_of___lwdiv        (abs)        000000
__size_of___wmul         (abs)        000000
__size_of_acendeLed      (abs)        000000
__size_of_atraso_ms      (abs)        000000
__size_of_bancoDados     (abs)        000000
__size_of_digitalWrite   (abs)        000000
__size_of_fatos          (abs)        000000
__size_of_init           (abs)        000000
__size_of_lcd_cmd        (abs)        000000
__size_of_lcd_dat        (abs)        000000
__size_of_lcd_init       (abs)        000000
__size_of_lcd_str        (abs)        000000
__size_of_lcd_wr         (abs)        000000
__size_of_limpaTela      (abs)        000000
__size_of_main           (abs)        000000
__size_of_pinMode        (abs)        000000
__size_of_pwmInit        (abs)        000000
__size_of_pwmSet1        (abs)        000000
__size_of_ssdDigit       (abs)        000000
__size_of_ssdInit        (abs)        000000
__size_of_ssdUpdate      (abs)        000000
__size_of_strlen         (abs)        000000
__size_of_tc_tecla       (abs)        000000
__size_of_teclado        (abs)        000000
__size_of_verificaAno    (abs)        000000
__smallconst             smallconst   000000
_acendeLed               text23       006522
_atraso                  dataBANK0    0000F6
_atrasoMax               dataCOMRAM   00007D
_atrasoMed               dataBANK0    0000FA
_atrasoMin               dataCOMRAM   000079
_atraso_min              dataBANK0    0000F8
_atraso_ms               text21       006280
_bancoDados              text13       00755C
_delay                   dataCOMRAM   00007B
_digitalWrite            text4        0070B6
_display                 bssCOMRAM    000077
_fatos                   text14       007304
_init                    text12       0062E4
_lcd_cmd                 text17       006084
_lcd_dat                 text19       00605A
_lcd_init                text11       0061C8
_lcd_str                 text18       00642E
_lcd_wr                  text20       006018
_limpaTela               text16       0060AE
_linha                   mediumconst  00796D
_main                    text0        006C28
_pinMode                 text6        006E68
_pwmInit                 text10       006020
_pwmSet1                 text8        00634E
_ssdDigit                text7        006170
_ssdInit                 text5        00611A
_ssdUpdate               text3        00690E
_strlen                  text15       0060E0
_tc_tecla                text2        006A5E
_teclado                 text1        006806
_v0                      bssCOMRAM    000076
_v1                      bssCOMRAM    000075
_v2                      bssCOMRAM    000074
_v3                      bssCOMRAM    000073
_valor                   bssBANK0     0000FC
_valor@ssd$F300          mediumconst  00795D
_verificaAno             text24       006736
_vetAnos                 dataBANK0    0000B4
_vetImpLeds              dataBANK0    000080
_vetLed                  dataBANK0    0000E8
acendeLed@a              cstackCOMRAM 00000F
acendeLed@ano            cstackCOMRAM 00000B
acendeLed@i              cstackCOMRAM 000011
atraso_ms@i              cstackCOMRAM 000009
atraso_ms@j              cstackCOMRAM 00000B
atraso_ms@k              cstackCOMRAM 00000C
atraso_ms@t              cstackCOMRAM 000007
bancoDados@a             cstackCOMRAM 000065
bancoDados@ano           cstackCOMRAM 000061
digitalWrite@pin         cstackCOMRAM 000001
digitalWrite@value       cstackCOMRAM 000003
end_of_initialization    cinit        006276
fatos@i                  cstackCOMRAM 00005F
fatos@str                cstackCOMRAM 000013
fatos@str1               cstackCOMRAM 00001B
fatos@str2               cstackCOMRAM 00002C
fatos@str3               cstackCOMRAM 00003D
fatos@str4               cstackCOMRAM 00004E
intlevel0                text         000000
intlevel1                text         000000
intlevel2                text         000000
intlevel3                text         000000
kpDebounce@tempo         bssCOMRAM    000078
kpDebounce@valorAntigo   bssCOMRAM    00006F
kpDebounce@valorNovo     bssCOMRAM    000071
lcd_cmd@val              cstackCOMRAM 00000D
lcd_dat@val              cstackCOMRAM 00000D
lcd_str@i                cstackCOMRAM 000012
lcd_str@str              cstackCOMRAM 00000E
lcd_wr@val               cstackCOMRAM 000001
main@a                   cstackCOMRAM 00006D
main@ano                 cstackCOMRAM 00006B
main@cooler              cstackCOMRAM 000069
main@i                   cstackCOMRAM 000067
pinMode@pin              cstackCOMRAM 000001
pinMode@type             cstackCOMRAM 000003
pwmSet1@porcento         cstackCOMRAM 00000A
pwmSet1@val              cstackCOMRAM 00000B
ssdDigit@pos             cstackCOMRAM 00000F
ssdDigit@val             cstackCOMRAM 000010
stackhi                  (abs)        0005FF
stacklo                  (abs)        0000FE
start                    init         000000
start_initialization     cinit        006224
strlen@a                 cstackCOMRAM 000003
strlen@s                 cstackCOMRAM 000001
tc_tecla@i               cstackCOMRAM 000013
tc_tecla@ret             cstackCOMRAM 000012
tc_tecla@timeout         cstackCOMRAM 00000D
tc_tecla@tmp             cstackCOMRAM 000011
tc_tecla@to              cstackCOMRAM 00000F
teclado@a                cstackCOMRAM 00001A
teclado@ano1             cstackCOMRAM 000022
teclado@b                cstackCOMRAM 00001C
teclado@c                cstackCOMRAM 00001E
teclado@d                cstackCOMRAM 000020
teclado@i_98             cstackCOMRAM 00002E
teclado@sequenciaTeclado cstackCOMRAM 000024
teclado@tecla            cstackCOMRAM 00002C
verificaAno@ano          cstackCOMRAM 000001
verificaAno@ano2         cstackCOMRAM 000005
verificaAno@i            cstackCOMRAM 000007
verificaAno@j            cstackCOMRAM 000009


FUNCTION INFORMATION:

 *************** function _main *****************
 Defined at:
		line 307 in file "main.c"
 Parameters:    Size  Location     Type
		None
 Auto vars:     Size  Location     Type
  a               2  108[COMRAM] int 
  ano             2  106[COMRAM] int 
  cooler          2  104[COMRAM] int 
  i               2  102[COMRAM] int 
 Return value:  Size  Location     Type
                  1    wreg      void 
 Registers used:
		wreg, fsr0l, fsr0h, fsr2l, fsr2h, status,2, status,0, tblptrl, tblptrh, tblptru, prodl, prodh, cstack
 Tracked objects:
		On entry : 
		On exit  : 
		Unchanged: 
 Data sizes:     COMRAM   BANK0   BANK1   BANK2   BANK3   BANK4   BANK5
      Params:         0       0       0       0       0       0       0
      Locals:         8       0       0       0       0       0       0
      Temps:          0       0       0       0       0       0       0
      Totals:         8       0       0       0       0       0       0
Total ram usage:        8 bytes
 Hardware stack levels required when called:    5
 This function calls:
		___awdiv
		___awmod
		___wmul
		_acendeLed
		_atraso_ms
		_bancoDados
		_fatos
		_init
		_lcd_cmd
		_lcd_init
		_lcd_str
		_limpaTela
		_pwmInit
		_pwmSet1
		_ssdDigit
		_ssdInit
		_ssdUpdate
		_teclado
		_verificaAno
 This function is called by:
		Startup code after reset
 This function uses a non-reentrant model


 *************** function _teclado *****************
 Defined at:
		line 33 in file "main.c"
 Parameters:    Size  Location     Type
		None
 Auto vars:     Size  Location     Type
  i               2   45[COMRAM] int 
  sequenciaTec    8   35[COMRAM] unsigned int [4]
  tecla           2   43[COMRAM] unsigned int 
  ano1            2   33[COMRAM] unsigned int 
  d               2   31[COMRAM] unsigned int 
  c               2   29[COMRAM] unsigned int 
  b               2   27[COMRAM] unsigned int 
  a               2   25[COMRAM] unsigned int 
  j               2    0        unsigned int 
  i               2    0        unsigned int 
 Return value:  Size  Location     Type
                  2   19[COMRAM] int 
 Registers used:
		wreg, fsr2l, fsr2h, status,2, status,0, tblptrl, tblptrh, tblptru, prodl, prodh, cstack
 Tracked objects:
		On entry : 
		On exit  : 
		Unchanged: 
 Data sizes:     COMRAM   BANK0   BANK1   BANK2   BANK3   BANK4   BANK5
      Params:         2       0       0       0       0       0       0
      Locals:        22       0       0       0       0       0       0
      Temps:          4       0       0       0       0       0       0
      Totals:        28       0       0       0       0       0       0
Total ram usage:       28 bytes
 Hardware stack levels used:    1
 Hardware stack levels required when called:    2
 This function calls:
		___wmul
		_lcd_dat
		_tc_tecla
 This function is called by:
		_main
 This function uses a non-reentrant model


 *************** function _tc_tecla *****************
 Defined at:
		line 14 in file "teclado.c"
 Parameters:    Size  Location     Type
  timeout         2   12[COMRAM] unsigned int 
 Auto vars:     Size  Location     Type
  to              2   14[COMRAM] unsigned int 
  i               1   18[COMRAM] unsigned char 
  ret             1   17[COMRAM] unsigned char 
  tmp             1   16[COMRAM] unsigned char 
 Return value:  Size  Location     Type
                  1    wreg      unsigned char 
 Registers used:
		wreg, status,2, status,0, tblptrl, tblptrh, tblptru, cstack
 Tracked objects:
		On entry : 
		On exit  : 
		Unchanged: 
 Data sizes:     COMRAM   BANK0   BANK1   BANK2   BANK3   BANK4   BANK5
      Params:         2       0       0       0       0       0       0
      Locals:         5       0       0       0       0       0       0
      Temps:          0       0       0       0       0       0       0
      Totals:         7       0       0       0       0       0       0
Total ram usage:        7 bytes
 Hardware stack levels used:    1
 Hardware stack levels required when called:    1
 This function calls:
		_atraso_ms
 This function is called by:
		_teclado
 This function uses a non-reentrant model


 *************** function _ssdUpdate *****************
 Defined at:
		line 54 in file "ssd.c"
 Parameters:    Size  Location     Type
		None
 Auto vars:     Size  Location     Type
		None
 Return value:  Size  Location     Type
                  1    wreg      void 
 Registers used:
		wreg, status,2, status,0, tblptrl, tblptrh, tblptru, cstack
 Tracked objects:
		On entry : 
		On exit  : 
		Unchanged: 
 Data sizes:     COMRAM   BANK0   BANK1   BANK2   BANK3   BANK4   BANK5
      Params:         0       0       0       0       0       0       0
      Locals:         0       0       0       0       0       0       0
      Temps:          2       0       0       0       0       0       0
      Totals:         2       0       0       0       0       0       0
Total ram usage:        2 bytes
 Hardware stack levels used:    1
 Hardware stack levels required when called:    1
 This function calls:
		_digitalWrite
 This function is called by:
		_main
 This function uses a non-reentrant model


 *************** function _digitalWrite *****************
 Defined at:
		line 14 in file "io.c"
 Parameters:    Size  Location     Type
  pin             2    0[COMRAM] int 
  value           2    2[COMRAM] int 
 Auto vars:     Size  Location     Type
		None
 Return value:  Size  Location     Type
                  1    wreg      void 
 Registers used:
		wreg, status,2, status,0
 Tracked objects:
		On entry : 
		On exit  : 
		Unchanged: 
 Data sizes:     COMRAM   BANK0   BANK1   BANK2   BANK3   BANK4   BANK5
      Params:         4       0       0       0       0       0       0
      Locals:         0       0       0       0       0       0       0
      Temps:          2       0       0       0       0       0       0
      Totals:         6       0       0       0       0       0       0
Total ram usage:        6 bytes
 Hardware stack levels used:    1
 This function calls:
		Nothing
 This function is called by:
		_ssdUpdate
 This function uses a non-reentrant model


 *************** function _ssdInit *****************
 Defined at:
		line 101 in file "ssd.c"
 Parameters:    Size  Location     Type
		None
 Auto vars:     Size  Location     Type
		None
 Return value:  Size  Location     Type
                  1    wreg      void 
 Registers used:
		wreg, status,2, status,0, cstack
 Tracked objects:
		On entry : 
		On exit  : 
		Unchanged: 
 Data sizes:     COMRAM   BANK0   BANK1   BANK2   BANK3   BANK4   BANK5
      Params:         0       0       0       0       0       0       0
      Locals:         0       0       0       0       0       0       0
      Temps:          0       0       0       0       0       0       0
      Totals:         0       0       0       0       0       0       0
Total ram usage:        0 bytes
 Hardware stack levels used:    1
 Hardware stack levels required when called:    1
 This function calls:
		_pinMode
 This function is called by:
		_main
 This function uses a non-reentrant model


 *************** function _pinMode *****************
 Defined at:
		line 54 in file "io.c"
 Parameters:    Size  Location     Type
  pin             2    0[COMRAM] int 
  type            2    2[COMRAM] int 
 Auto vars:     Size  Location     Type
		None
 Return value:  Size  Location     Type
                  1    wreg      void 
 Registers used:
		wreg, status,2, status,0
 Tracked objects:
		On entry : 
		On exit  : 
		Unchanged: 
 Data sizes:     COMRAM   BANK0   BANK1   BANK2   BANK3   BANK4   BANK5
      Params:         4       0       0       0       0       0       0
      Locals:         0       0       0       0       0       0       0
      Temps:          2       0       0       0       0       0       0
      Totals:         6       0       0       0       0       0       0
Total ram usage:        6 bytes
 Hardware stack levels used:    1
 This function calls:
		Nothing
 This function is called by:
		_ssdInit
 This function uses a non-reentrant model


 *************** function _ssdDigit *****************
 Defined at:
		line 38 in file "ssd.c"
 Parameters:    Size  Location     Type
  val             1    wreg     unsigned char 
  pos             1   14[COMRAM] unsigned char 
 Auto vars:     Size  Location     Type
  val             1   15[COMRAM] unsigned char 
 Return value:  Size  Location     Type
                  1    wreg      void 
 Registers used:
		wreg, status,2, status,0
 Tracked objects:
		On entry : 
		On exit  : 
		Unchanged: 
 Data sizes:     COMRAM   BANK0   BANK1   BANK2   BANK3   BANK4   BANK5
      Params:         1       0       0       0       0       0       0
      Locals:         1       0       0       0       0       0       0
      Temps:          0       0       0       0       0       0       0
      Totals:         2       0       0       0       0       0       0
Total ram usage:        2 bytes
 Hardware stack levels used:    1
 This function calls:
		Nothing
 This function is called by:
		_main
 This function uses a non-reentrant model


 *************** function _pwmSet1 *****************
 Defined at:
		line 23 in file "pwm.c"
 Parameters:    Size  Location     Type
  porcento        1    wreg     unsigned char 
 Auto vars:     Size  Location     Type
  porcento        1    9[COMRAM] unsigned char 
  val             2   10[COMRAM] unsigned int 
 Return value:  Size  Location     Type
                  1    wreg      void 
 Registers used:
		wreg, status,2, status,0, prodl, prodh, cstack
 Tracked objects:
		On entry : 
		On exit  : 
		Unchanged: 
 Data sizes:     COMRAM   BANK0   BANK1   BANK2   BANK3   BANK4   BANK5
      Params:         0       0       0       0       0       0       0
      Locals:         3       0       0       0       0       0       0
      Temps:          2       0       0       0       0       0       0
      Totals:         5       0       0       0       0       0       0
Total ram usage:        5 bytes
 Hardware stack levels used:    1
 Hardware stack levels required when called:    1
 This function calls:
		___lwdiv
		___wmul
 This function is called by:
		_main
 This function uses a non-reentrant model


 *************** function ___lwdiv *****************
 Defined at:
		line 7 in file "C:\Program Files\Microchip\xc8\v2.20\pic\sources\c99\common\lwdiv.c"
 Parameters:    Size  Location     Type
  dividend        2    0[COMRAM] unsigned int 
  divisor         2    2[COMRAM] unsigned int 
 Auto vars:     Size  Location     Type
  quotient        2    4[COMRAM] unsigned int 
  counter         1    6[COMRAM] unsigned char 
 Return value:  Size  Location     Type
                  2    0[COMRAM] unsigned int 
 Registers used:
		wreg, status,2, status,0
 Tracked objects:
		On entry : 
		On exit  : 
		Unchanged: 
 Data sizes:     COMRAM   BANK0   BANK1   BANK2   BANK3   BANK4   BANK5
      Params:         4       0       0       0       0       0       0
      Locals:         3       0       0       0       0       0       0
      Temps:          0       0       0       0       0       0       0
      Totals:         7       0       0       0       0       0       0
Total ram usage:        7 bytes
 Hardware stack levels used:    1
 This function calls:
		Nothing
 This function is called by:
		_pwmSet1
		_pwmSet2
 This function uses a non-reentrant model


 *************** function _pwmInit *****************
 Defined at:
		line 59 in file "pwm.c"
 Parameters:    Size  Location     Type
		None
 Auto vars:     Size  Location     Type
		None
 Return value:  Size  Location     Type
                  1    wreg      void 
 Registers used:
		wreg, status,2, status,0
 Tracked objects:
		On entry : 
		On exit  : 
		Unchanged: 
 Data sizes:     COMRAM   BANK0   BANK1   BANK2   BANK3   BANK4   BANK5
      Params:         0       0       0       0       0       0       0
      Locals:         0       0       0       0       0       0       0
      Temps:          0       0       0       0       0       0       0
      Totals:         0       0       0       0       0       0       0
Total ram usage:        0 bytes
 Hardware stack levels used:    1
 This function calls:
		Nothing
 This function is called by:
		_main
 This function uses a non-reentrant model


 *************** function _lcd_init *****************
 Defined at:
		line 29 in file "lcd.c"
 Parameters:    Size  Location     Type
		None
 Auto vars:     Size  Location     Type
		None
 Return value:  Size  Location     Type
                  1    wreg      void 
 Registers used:
		wreg, status,2, status,0, cstack
 Tracked objects:
		On entry : 
		On exit  : 
		Unchanged: 
 Data sizes:     COMRAM   BANK0   BANK1   BANK2   BANK3   BANK4   BANK5
      Params:         0       0       0       0       0       0       0
      Locals:         0       0       0       0       0       0       0
      Temps:          0       0       0       0       0       0       0
      Totals:         0       0       0       0       0       0       0
Total ram usage:        0 bytes
 Hardware stack levels used:    1
 Hardware stack levels required when called:    2
 This function calls:
		_atraso_ms
		_lcd_cmd
 This function is called by:
		_main
 This function uses a non-reentrant model


 *************** function _init *****************
 Defined at:
		line 289 in file "main.c"
 Parameters:    Size  Location     Type
		None
 Auto vars:     Size  Location     Type
		None
 Return value:  Size  Location     Type
                  1    wreg      void 
 Registers used:
		wreg, fsr0l, fsr0h, fsr2l, fsr2h, status,2, status,0, tblptrl, tblptrh, tblptru, cstack
 Tracked objects:
		On entry : 
		On exit  : 
		Unchanged: 
 Data sizes:     COMRAM   BANK0   BANK1   BANK2   BANK3   BANK4   BANK5
      Params:         0       0       0       0       0       0       0
      Locals:         0       0       0       0       0       0       0
      Temps:          0       0       0       0       0       0       0
      Totals:         0       0       0       0       0       0       0
Total ram usage:        0 bytes
 Hardware stack levels used:    1
 Hardware stack levels required when called:    4
 This function calls:
		_atraso_ms
		_fatos
		_lcd_cmd
		_lcd_str
 This function is called by:
		_main
 This function uses a non-reentrant model


 *************** function _bancoDados *****************
 Defined at:
		line 156 in file "main.c"
 Parameters:    Size  Location     Type
  ano             2   96[COMRAM] int 
 Auto vars:     Size  Location     Type
  a               2  100[COMRAM] int 
 Return value:  Size  Location     Type
                  1    wreg      void 
 Registers used:
		wreg, fsr0l, fsr0h, fsr2l, fsr2h, status,2, status,0, tblptrl, tblptrh, tblptru, prodl, prodh, cstack
 Tracked objects:
		On entry : 
		On exit  : 
		Unchanged: 
 Data sizes:     COMRAM   BANK0   BANK1   BANK2   BANK3   BANK4   BANK5
      Params:         2       0       0       0       0       0       0
      Locals:         2       0       0       0       0       0       0
      Temps:          2       0       0       0       0       0       0
      Totals:         6       0       0       0       0       0       0
Total ram usage:        6 bytes
 Hardware stack levels used:    1
 Hardware stack levels required when called:    4
 This function calls:
		___wmul
		_atraso_ms
		_fatos
		_verificaAno
 This function is called by:
		_main
 This function uses a non-reentrant model


 *************** function _fatos *****************
 Defined at:
		line 118 in file "main.c"
 Parameters:    Size  Location     Type
  str             2   18[COMRAM] PTR unsigned char 
		 -> STR_45(61), STR_41(58), STR_38(59), STR_37(60), 
		 -> STR_36(60), STR_35(59), STR_34(59), STR_33(62), 
		 -> STR_32(48), STR_31(47), STR_30(26), STR_29(30), 
		 -> STR_28(26), STR_27(38), STR_26(29), STR_25(34), 
		 -> STR_24(25), STR_23(24), STR_22(47), STR_21(50), 
		 -> STR_20(20), STR_19(33), STR_18(42), STR_17(34), 
		 -> STR_16(46), STR_15(26), STR_14(21), STR_13(26), 
		 -> STR_12(23), STR_11(23), STR_10(18), STR_9(30), 
		 -> STR_8(33), STR_7(27), STR_6(37), STR_5(42), 
		 -> STR_4(21), STR_3(33), STR_2(40), STR_1(99), 
 Auto vars:     Size  Location     Type
  str4           17   77[COMRAM] unsigned char [17]
  str3           17   60[COMRAM] unsigned char [17]
  str2           17   43[COMRAM] unsigned char [17]
  str1           17   26[COMRAM] unsigned char [17]
  i               2   94[COMRAM] int 
 Return value:  Size  Location     Type
                  1    wreg      void 
 Registers used:
		wreg, fsr0l, fsr0h, fsr2l, fsr2h, status,2, status,0, tblptrl, tblptrh, tblptru, cstack
 Tracked objects:
		On entry : 
		On exit  : 
		Unchanged: 
 Data sizes:     COMRAM   BANK0   BANK1   BANK2   BANK3   BANK4   BANK5
      Params:         2       0       0       0       0       0       0
      Locals:        70       0       0       0       0       0       0
      Temps:          6       0       0       0       0       0       0
      Totals:        78       0       0       0       0       0       0
Total ram usage:       78 bytes
 Hardware stack levels used:    1
 Hardware stack levels required when called:    3
 This function calls:
		_lcd_cmd
		_lcd_str
		_limpaTela
		_strlen
 This function is called by:
		_bancoDados
		_init
		_main
 This function uses a non-reentrant model


 *************** function _strlen *****************
 Defined at:
		line 5 in file "C:\Program Files\Microchip\xc8\v2.20\pic\sources\c99\common\strlen.c"
 Parameters:    Size  Location     Type
  s               2    0[COMRAM] PTR const unsigned char 
		 -> STR_45(61), STR_41(58), STR_38(59), STR_37(60), 
		 -> STR_36(60), STR_35(59), STR_34(59), STR_33(62), 
		 -> STR_32(48), STR_31(47), STR_30(26), STR_29(30), 
		 -> STR_28(26), STR_27(38), STR_26(29), STR_25(34), 
		 -> STR_24(25), STR_23(24), STR_22(47), STR_21(50), 
		 -> STR_20(20), STR_19(33), STR_18(42), STR_17(34), 
		 -> STR_16(46), STR_15(26), STR_14(21), STR_13(26), 
		 -> STR_12(23), STR_11(23), STR_10(18), STR_9(30), 
		 -> STR_8(33), STR_7(27), STR_6(37), STR_5(42), 
		 -> STR_4(21), STR_3(33), STR_2(40), STR_1(99), 
 Auto vars:     Size  Location     Type
  a               2    2[COMRAM] PTR const unsigned char 
		 -> STR_45(61), STR_41(58), STR_38(59), STR_37(60), 
		 -> STR_36(60), STR_35(59), STR_34(59), STR_33(62), 
		 -> STR_32(48), STR_31(47), STR_30(26), STR_29(30), 
		 -> STR_28(26), STR_27(38), STR_26(29), STR_25(34), 
		 -> STR_24(25), STR_23(24), STR_22(47), STR_21(50), 
		 -> STR_20(20), STR_19(33), STR_18(42), STR_17(34), 
		 -> STR_16(46), STR_15(26), STR_14(21), STR_13(26), 
		 -> STR_12(23), STR_11(23), STR_10(18), STR_9(30), 
		 -> STR_8(33), STR_7(27), STR_6(37), STR_5(42), 
		 -> STR_4(21), STR_3(33), STR_2(40), STR_1(99), 
 Return value:  Size  Location     Type
                  2    0[COMRAM] unsigned int 
 Registers used:
		wreg, status,2, status,0, tblptrl, tblptrh, tblptru
 Tracked objects:
		On entry : 
		On exit  : 
		Unchanged: 
 Data sizes:     COMRAM   BANK0   BANK1   BANK2   BANK3   BANK4   BANK5
      Params:         2       0       0       0       0       0       0
      Locals:         2       0       0       0       0       0       0
      Temps:          0       0       0       0       0       0       0
      Totals:         4       0       0       0       0       0       0
Total ram usage:        4 bytes
 Hardware stack levels used:    1
 This function calls:
		Nothing
 This function is called by:
		_fatos
 This function uses a non-reentrant model


 *************** function _limpaTela *****************
 Defined at:
		line 107 in file "main.c"
 Parameters:    Size  Location     Type
		None
 Auto vars:     Size  Location     Type
		None
 Return value:  Size  Location     Type
                  1    wreg      void 
 Registers used:
		wreg, status,2, status,0, cstack
 Tracked objects:
		On entry : 
		On exit  : 
		Unchanged: 
 Data sizes:     COMRAM   BANK0   BANK1   BANK2   BANK3   BANK4   BANK5
      Params:         0       0       0       0       0       0       0
      Locals:         0       0       0       0       0       0       0
      Temps:          0       0       0       0       0       0       0
      Totals:         0       0       0       0       0       0       0
Total ram usage:        0 bytes
 Hardware stack levels used:    1
 Hardware stack levels required when called:    2
 This function calls:
		_lcd_cmd
 This function is called by:
		_fatos
		_main
 This function uses a non-reentrant model


 *************** function _lcd_cmd *****************
 Defined at:
		line 9 in file "lcd.c"
 Parameters:    Size  Location     Type
  val             1    wreg     unsigned char 
 Auto vars:     Size  Location     Type
  val             1   12[COMRAM] unsigned char 
 Return value:  Size  Location     Type
                  1    wreg      void 
 Registers used:
		wreg, status,2, status,0, cstack
 Tracked objects:
		On entry : 
		On exit  : 
		Unchanged: 
 Data sizes:     COMRAM   BANK0   BANK1   BANK2   BANK3   BANK4   BANK5
      Params:         0       0       0       0       0       0       0
      Locals:         1       0       0       0       0       0       0
      Temps:          0       0       0       0       0       0       0
      Totals:         1       0       0       0       0       0       0
Total ram usage:        1 bytes
 Hardware stack levels used:    1
 Hardware stack levels required when called:    1
 This function calls:
		_atraso_ms
		_lcd_wr
 This function is called by:
		_limpaTela
		_fatos
		_init
		_main
		_lcd_init
 This function uses a non-reentrant model


 *************** function _lcd_str *****************
 Defined at:
		line 47 in file "lcd.c"
 Parameters:    Size  Location     Type
  str             2   13[COMRAM] PTR const unsigned char 
		 -> STR_48(15), STR_47(17), STR_46(10), STR_44(14), 
		 -> STR_43(11), STR_42(14), STR_40(11), STR_39(10), 
		 -> fatos@str4(17), fatos@str3(17), fatos@str2(17), fatos@str1(17), 
 Auto vars:     Size  Location     Type
  i               1   17[COMRAM] unsigned char 
 Return value:  Size  Location     Type
                  1    wreg      void 
 Registers used:
		wreg, fsr0l, fsr0h, status,2, status,0, tblptrl, tblptrh, tblptru, cstack
 Tracked objects:
		On entry : 
		On exit  : 
		Unchanged: 
 Data sizes:     COMRAM   BANK0   BANK1   BANK2   BANK3   BANK4   BANK5
      Params:         2       0       0       0       0       0       0
      Locals:         1       0       0       0       0       0       0
      Temps:          2       0       0       0       0       0       0
      Totals:         5       0       0       0       0       0       0
Total ram usage:        5 bytes
 Hardware stack levels used:    1
 Hardware stack levels required when called:    2
 This function calls:
		_lcd_dat
 This function is called by:
		_fatos
		_init
		_main
 This function uses a non-reentrant model


 *************** function _lcd_dat *****************
 Defined at:
		line 19 in file "lcd.c"
 Parameters:    Size  Location     Type
  val             1    wreg     unsigned char 
 Auto vars:     Size  Location     Type
  val             1   12[COMRAM] unsigned char 
 Return value:  Size  Location     Type
                  1    wreg      void 
 Registers used:
		wreg, status,2, status,0, cstack
 Tracked objects:
		On entry : 
		On exit  : 
		Unchanged: 
 Data sizes:     COMRAM   BANK0   BANK1   BANK2   BANK3   BANK4   BANK5
      Params:         0       0       0       0       0       0       0
      Locals:         1       0       0       0       0       0       0
      Temps:          0       0       0       0       0       0       0
      Totals:         1       0       0       0       0       0       0
Total ram usage:        1 bytes
 Hardware stack levels used:    1
 Hardware stack levels required when called:    1
 This function calls:
		_atraso_ms
		_lcd_wr
 This function is called by:
		_teclado
		_lcd_str
 This function uses a non-reentrant model


 *************** function _lcd_wr *****************
 Defined at:
		line 5 in file "lcd.c"
 Parameters:    Size  Location     Type
  val             1    wreg     unsigned char 
 Auto vars:     Size  Location     Type
  val             1    0[COMRAM] unsigned char 
 Return value:  Size  Location     Type
                  1    wreg      void 
 Registers used:
		wreg
 Tracked objects:
		On entry : 
		On exit  : 
		Unchanged: 
 Data sizes:     COMRAM   BANK0   BANK1   BANK2   BANK3   BANK4   BANK5
      Params:         0       0       0       0       0       0       0
      Locals:         1       0       0       0       0       0       0
      Temps:          0       0       0       0       0       0       0
      Totals:         1       0       0       0       0       0       0
Total ram usage:        1 bytes
 Hardware stack levels used:    1
 This function calls:
		Nothing
 This function is called by:
		_lcd_cmd
		_lcd_dat
 This function uses a non-reentrant model


 *************** function _atraso_ms *****************
 Defined at:
		line 3 in file "delay.c"
 Parameters:    Size  Location     Type
  t               2    6[COMRAM] int 
 Auto vars:     Size  Location     Type
  i               2    8[COMRAM] volatile unsigned int 
  k               1   11[COMRAM] volatile unsigned char 
  j               1   10[COMRAM] volatile unsigned char 
 Return value:  Size  Location     Type
                  1    wreg      void 
 Registers used:
		wreg, status,2, status,0
 Tracked objects:
		On entry : 
		On exit  : 
		Unchanged: 
 Data sizes:     COMRAM   BANK0   BANK1   BANK2   BANK3   BANK4   BANK5
      Params:         2       0       0       0       0       0       0
      Locals:         4       0       0       0       0       0       0
      Temps:          0       0       0       0       0       0       0
      Totals:         6       0       0       0       0       0       0
Total ram usage:        6 bytes
 Hardware stack levels used:    1
 This function calls:
		Nothing
 This function is called by:
		_bancoDados
		_init
		_main
		_lcd_cmd
		_lcd_dat
		_lcd_init
		_tc_tecla
 This function uses a non-reentrant model


 *************** function ___wmul *****************
 Defined at:
		line 15 in file "C:\Program Files\Microchip\xc8\v2.20\pic\sources\c99\common\Umul16.c"
 Parameters:    Size  Location     Type
  multiplier      2    0[COMRAM] unsigned int 
  multiplicand    2    2[COMRAM] unsigned int 
 Auto vars:     Size  Location     Type
  product         2    4[COMRAM] unsigned int 
 Return value:  Size  Location     Type
                  2    0[COMRAM] unsigned int 
 Registers used:
		wreg, status,2, status,0, prodl, prodh
 Tracked objects:
		On entry : 
		On exit  : 
		Unchanged: 
 Data sizes:     COMRAM   BANK0   BANK1   BANK2   BANK3   BANK4   BANK5
      Params:         4       0       0       0       0       0       0
      Locals:         2       0       0       0       0       0       0
      Temps:          0       0       0       0       0       0       0
      Totals:         6       0       0       0       0       0       0
Total ram usage:        6 bytes
 Hardware stack levels used:    1
 This function calls:
		Nothing
 This function is called by:
		_teclado
		_bancoDados
		_main
		_pwmSet1
		_pwmSet2
 This function uses a non-reentrant model


 *************** function _acendeLed *****************
 Defined at:
		line 95 in file "main.c"
 Parameters:    Size  Location     Type
  ano             2   10[COMRAM] int 
 Auto vars:     Size  Location     Type
  i               2   16[COMRAM] int 
  a               2   14[COMRAM] int 
  j               2    0        int 
 Return value:  Size  Location     Type
                  1    wreg      void 
 Registers used:
		wreg, fsr2l, fsr2h, status,2, status,0, cstack
 Tracked objects:
		On entry : 
		On exit  : 
		Unchanged: 
 Data sizes:     COMRAM   BANK0   BANK1   BANK2   BANK3   BANK4   BANK5
      Params:         2       0       0       0       0       0       0
      Locals:         4       0       0       0       0       0       0
      Temps:          2       0       0       0       0       0       0
      Totals:         8       0       0       0       0       0       0
Total ram usage:        8 bytes
 Hardware stack levels used:    1
 Hardware stack levels required when called:    1
 This function calls:
		_verificaAno
 This function is called by:
		_main
 This function uses a non-reentrant model


 *************** function _verificaAno *****************
 Defined at:
		line 80 in file "main.c"
 Parameters:    Size  Location     Type
  ano             2    0[COMRAM] int 
 Auto vars:     Size  Location     Type
  j               2    8[COMRAM] int 
  i               2    6[COMRAM] int 
  ano2            2    4[COMRAM] int 
 Return value:  Size  Location     Type
                  2    0[COMRAM] int 
 Registers used:
		wreg, fsr2l, fsr2h, status,2, status,0
 Tracked objects:
		On entry : 
		On exit  : 
		Unchanged: 
 Data sizes:     COMRAM   BANK0   BANK1   BANK2   BANK3   BANK4   BANK5
      Params:         2       0       0       0       0       0       0
      Locals:         6       0       0       0       0       0       0
      Temps:          2       0       0       0       0       0       0
      Totals:        10       0       0       0       0       0       0
Total ram usage:       10 bytes
 Hardware stack levels used:    1
 This function calls:
		Nothing
 This function is called by:
		_acendeLed
		_bancoDados
		_main
 This function uses a non-reentrant model


 *************** function ___awmod *****************
 Defined at:
		line 7 in file "C:\Program Files\Microchip\xc8\v2.20\pic\sources\c99\common\awmod.c"
 Parameters:    Size  Location     Type
  dividend        2    8[COMRAM] int 
  divisor         2   10[COMRAM] int 
 Auto vars:     Size  Location     Type
  sign            1   13[COMRAM] unsigned char 
  counter         1   12[COMRAM] unsigned char 
 Return value:  Size  Location     Type
                  2    8[COMRAM] int 
 Registers used:
		wreg, status,2, status,0
 Tracked objects:
		On entry : 
		On exit  : 
		Unchanged: 
 Data sizes:     COMRAM   BANK0   BANK1   BANK2   BANK3   BANK4   BANK5
      Params:         4       0       0       0       0       0       0
      Locals:         2       0       0       0       0       0       0
      Temps:          0       0       0       0       0       0       0
      Totals:         6       0       0       0       0       0       0
Total ram usage:        6 bytes
 Hardware stack levels used:    1
 This function calls:
		Nothing
 This function is called by:
		_main
 This function uses a non-reentrant model


 *************** function ___awdiv *****************
 Defined at:
		line 7 in file "C:\Program Files\Microchip\xc8\v2.20\pic\sources\c99\common\awdiv.c"
 Parameters:    Size  Location     Type
  dividend        2    0[COMRAM] int 
  divisor         2    2[COMRAM] int 
 Auto vars:     Size  Location     Type
  quotient        2    6[COMRAM] int 
  sign            1    5[COMRAM] unsigned char 
  counter         1    4[COMRAM] unsigned char 
 Return value:  Size  Location     Type
                  2    0[COMRAM] int 
 Registers used:
		wreg, status,2, status,0
 Tracked objects:
		On entry : 
		On exit  : 
		Unchanged: 
 Data sizes:     COMRAM   BANK0   BANK1   BANK2   BANK3   BANK4   BANK5
      Params:         4       0       0       0       0       0       0
      Locals:         4       0       0       0       0       0       0
      Temps:          0       0       0       0       0       0       0
      Totals:         8       0       0       0       0       0       0
Total ram usage:        8 bytes
 Hardware stack levels used:    1
 This function calls:
		Nothing
 This function is called by:
		_main
 This function uses a non-reentrant model



MODULE INFORMATION

Module		Function		Class		Link	Load	Size
ssd.c
		_ssdInit       		CODE           	611A	0000	87
		_ssdDigit      		CODE           	6170	0000	89
		_ssdUpdate     		CODE           	690E	0000	337

ssd.c estimated size: 513

delay.c
		_atraso_ms     		CODE           	6280	0000	101

delay.c estimated size: 101

teclado.c
		_tc_tecla      		CODE           	6A5E	0000	459

teclado.c estimated size: 459

io.c
		_digitalWrite  		CODE           	70B6	0000	591
		_pinMode       		CODE           	6E68	0000	591

io.c estimated size: 1182

C:\Program Files\Microchip\xc8\v2.20\pic\sources\c99\common\Umul16.c
		___wmul        		CODE           	6034	0000	39

C:\Program Files\Microchip\xc8\v2.20\pic\sources\c99\common\Umul16.c estimated size: 39

pwm.c
		_pwmInit       		CODE           	6020	0000	21
		_pwmSet1       		CODE           	634E	0000	109

pwm.c estimated size: 130

C:\Program Files\Microchip\xc8\v2.20\pic\sources\c99\common\awmod.c
		___awmod       		CODE           	65C2	0000	177

C:\Program Files\Microchip\xc8\v2.20\pic\sources\c99\common\awmod.c estimated size: 177

shared
		_valor@ssd$F300		MEDIUMCONST    	795D	0000	17
		__initialization		CODE           	6224	0000	83
		_linha         		MEDIUMCONST    	796D	0000	5

shared estimated size: 105

C:\Program Files\Microchip\xc8\v2.20\pic\sources\c99\common\strlen.c
		_strlen        		CODE           	60E0	0000	59

C:\Program Files\Microchip\xc8\v2.20\pic\sources\c99\common\strlen.c estimated size: 59

lcd.c
		_lcd_cmd       		CODE           	6084	0000	43
		_lcd_dat       		CODE           	605A	0000	43
		_lcd_wr        		CODE           	6018	0000	9
		_lcd_str       		CODE           	642E	0000	121
		_lcd_init      		CODE           	61C8	0000	93

lcd.c estimated size: 309

C:\Program Files\Microchip\xc8\v2.20\pic\sources\c99\common\lwdiv.c
		___lwdiv       		CODE           	63BA	0000	117

C:\Program Files\Microchip\xc8\v2.20\pic\sources\c99\common\lwdiv.c estimated size: 117

C:\Program Files\Microchip\xc8\v2.20\pic\sources\c99\common\awdiv.c
		___awdiv       		CODE           	6672	0000	197

C:\Program Files\Microchip\xc8\v2.20\pic\sources\c99\common\awdiv.c estimated size: 197

main.c
		_init          		CODE           	62E4	0000	107
		_verificaAno   		CODE           	6736	0000	209
		_acendeLed     		CODE           	6522	0000	161
		_main          		CODE           	6C28	0000	577
		_teclado       		CODE           	6806	0000	265
		_fatos         		CODE           	7304	0000	601
		_bancoDados    		CODE           	755C	0000	1025
		_limpaTela     		CODE           	60AE	0000	51

main.c estimated size: 2996

